// Jest Snapshot v1, https://goo.gl/fbAQLP

exports[`Test App entry 1`] = `[Function]`;
